// Jest Snapshot v1, https://goo.gl/fbAQLP

exports[`ResultHeader rendering Should render when sort by rating 1`] = `
<div>
  <span>
    50 movies found
  </span>
         
  <span>
    Sort by: 
  </span>
   
  <input
    onClick={[MockFunction]}
    style={
      Object {
        "textDecoration": "none",
      }
    }
    type="button"
    value="release date"
  />
   
  <input
    onClick={[MockFunction]}
    style={
      Object {
        "textDecoration": "underline",
      }
    }
    type="button"
    value="rating"
  />
</div>
`;

exports[`ResultHeader rendering Should render when sort by release date 1`] = `
<div>
  <span>
    50 movies found
  </span>
         
  <span>
    Sort by: 
  </span>
   
  <input
    onClick={[MockFunction]}
    style={
      Object {
        "textDecoration": "underline",
      }
    }
    type="button"
    value="release date"
  />
   
  <input
    onClick={[MockFunction]}
    style={
      Object {
        "textDecoration": "none",
      }
    }
    type="button"
    value="rating"
  />
</div>
`;
